------------------------------------------------------
Running with Variables:
Total MPI Tasks (-n): 16
CPUs per Task (-c):   1
------------------------------------------------------
Initialized MPI, rank 3, size 16.

Reading and initializing input.

Input file is /pscratch/sd/m/mpatel26/ascot_h5s/convergence_studies/G1600-free-reopt_I_10cm-wall_200k-mrk_mixed-bfield_p01cellarea_FO-mode_alpha-power_03302026.h5.

Reading options input.
Active QID is 4048444338
Options read and initialized.

Reading magnetic field input.
Active QID is 0188369675

Stellarator magnetic field (B_STS)
Psi-grid: nR =  200 Rmin = 5.338 m Rmax = 9.922 m
      nz =  200 zmin = -3.518 m zmax = 3.518 m
nphi =   50 phimin = -8.780 deg phimax = 98.780 deg
B-grid: nR =  200 Rmin = 5.338 m Rmax = 9.922 m
      nz =  200 zmin = -3.518 m zmax = 3.518 m
nphi =   50 phimin = -8.780 deg phimax = 98.780 deg
Psi at magnetic axis (phi=0) (9.065 m, 0.000 m)
0.002 (evaluated)
0.000 (given)
Magnetic field on axis:
B_R = -0.000 B_phi = 6.001 B_z = -0.894
Stellarator with 2 periods.
Stellarator symmetry enabled: assuming the grid is a half-period.
Magnetic field read and initialized.

Reading electric field input.
Active QID is 3843638170

Trivial Cartesian electric field (E_TC)
E_x = 0.000000e+00, E_y = 0.000000e+00, E_z = 0.000000e+00
Electric field read and initialized.

Reading plasma input.
Active QID is 0427021286

1D plasma profiles (P_1D)
Min rho = 0.00e+00, Max rho = 2.00e+00, Number of rho grid points = 2047, Number of ion species = 2
Species Z/A  charge [e]/mass [amu] Density [m^-3] at Min/Max rho    Temperature [eV] at Min/Max rho
   1  /  2     1  /  2.014             1.38e+20/5.00e+14                1.12e+04/1.00e+00       
   1  /  3     1  /  3.016             1.38e+20/5.00e+14                1.12e+04/1.00e+00       
[electrons]   -1  /  0.001             2.76e+20/1.00e+15                1.12e+04/1.00e+00       
Toroidal rotation [rad/s] at Min/Max rho: 0.00e+00/0.00e+00
Quasi-neutrality is (electron / ion charge density) 1.00
Toroidal rotation [rad/s] at Min/Max rho: 0.00e+00/0.00e+00
Plasma data read and initialized.

Reading neutral input.
Active QID is 0810944435

1D neutral density and temperature (N0_1D)
Grid:  nrho =    3   rhomin = 0.000   rhomax = 2.000
 Number of neutral species = 1
Species Z/A   (Maxwellian)
        1/  1 (1)    
Neutral data read and initialized.

Reading wall input.
Active QID is 1070589894

3D wall model (wall_3D)
Number of wall elements 32832
Spanning xmin = -9.998 m, xmax = 9.997 m
         ymin = -9.271 m, ymax = 9.270 m
         zmin = -3.591 m, zmax = 3.592 m
Wall data read and initialized.

Reading boozer input.
Active QID is 2972678231

Boozer input
psi grid: n =    6 min = 0.000 max = 1.000
thetageo grid: n =   18
thetabzr grid: n =   10
Boozer data read and initialized.

Reading MHD input.
Active QID is 1583532744

MHD (stationary) input
Grid: nrho =    6 rhomin = 0.000 rhomax = 1.000

Modes:
(n,m) = ( 1, 3) Amplitude = 0.1 Frequency =   1 Phase =   0
(n,m) = ( 2, 4) Amplitude =   2 Frequency = 1.5 Phase = 0.785
MHD data read and initialized.

Reading atomic reaction input.
Active QID is 2179808516

Found data for 1 atomic reactions:
Reaction number / Total number of reactions = 1 / 1
  Reactant species Z_1 / A_1, Z_2 / A_2     = 0 / 0, 0 / 0
  Min/Max energy                            = 1.00e+03 / 1.00e+04
  Min/Max density                           = 1.00e+18 / 1.00e+20
  Min/Max temperature                       = 1.00e+03 / 1.00e+04
  Number of energy grid points              = 3
  Number of density grid points             = 4
  Number of temperature grid points         = 5
Atomic reaction data read and initialized.

Reading marker input.
Active QID is 3105565386

Loaded 200000 particles.
Marker data read and initialized.

All input read and initialized.
Simulation begins; 1 threads.
Initialized MPI, rank 2, size 16.

Reading and initializing input.

Input file is /pscratch/sd/m/mpatel26/ascot_h5s/convergence_studies/G1600-free-reopt_I_10cm-wall_200k-mrk_mixed-bfield_p01cellarea_FO-mode_alpha-power_03302026.h5.

Reading options input.
Active QID is 4048444338
Options read and initialized.

Reading magnetic field input.
Active QID is 0188369675

Stellarator magnetic field (B_STS)
Psi-grid: nR =  200 Rmin = 5.338 m Rmax = 9.922 m
      nz =  200 zmin = -3.518 m zmax = 3.518 m
nphi =   50 phimin = -8.780 deg phimax = 98.780 deg
B-grid: nR =  200 Rmin = 5.338 m Rmax = 9.922 m
      nz =  200 zmin = -3.518 m zmax = 3.518 m
nphi =   50 phimin = -8.780 deg phimax = 98.780 deg
Psi at magnetic axis (phi=0) (9.065 m, 0.000 m)
0.002 (evaluated)
0.000 (given)
Magnetic field on axis:
B_R = -0.000 B_phi = 6.001 B_z = -0.894
Stellarator with 2 periods.
Stellarator symmetry enabled: assuming the grid is a half-period.
Magnetic field read and initialized.

Reading electric field input.
Active QID is 3843638170

Trivial Cartesian electric field (E_TC)
E_x = 0.000000e+00, E_y = 0.000000e+00, E_z = 0.000000e+00
Electric field read and initialized.

Reading plasma input.
Active QID is 0427021286

1D plasma profiles (P_1D)
Min rho = 0.00e+00, Max rho = 2.00e+00, Number of rho grid points = 2047, Number of ion species = 2
Species Z/A  charge [e]/mass [amu] Density [m^-3] at Min/Max rho    Temperature [eV] at Min/Max rho
   1  /  2     1  /  2.014             1.38e+20/5.00e+14                1.12e+04/1.00e+00       
   1  /  3     1  /  3.016             1.38e+20/5.00e+14                1.12e+04/1.00e+00       
[electrons]   -1  /  0.001             2.76e+20/1.00e+15                1.12e+04/1.00e+00       
Toroidal rotation [rad/s] at Min/Max rho: 0.00e+00/0.00e+00
Quasi-neutrality is (electron / ion charge density) 1.00
Toroidal rotation [rad/s] at Min/Max rho: 0.00e+00/0.00e+00
Plasma data read and initialized.

Reading neutral input.
Active QID is 0810944435

1D neutral density and temperature (N0_1D)
Grid:  nrho =    3   rhomin = 0.000   rhomax = 2.000
 Number of neutral species = 1
Species Z/A   (Maxwellian)
        1/  1 (1)    
Neutral data read and initialized.

Reading wall input.
Active QID is 1070589894

3D wall model (wall_3D)
Number of wall elements 32832
Spanning xmin = -9.998 m, xmax = 9.997 m
         ymin = -9.271 m, ymax = 9.270 m
         zmin = -3.591 m, zmax = 3.592 m
Wall data read and initialized.

Reading boozer input.
Active QID is 2972678231

Boozer input
psi grid: n =    6 min = 0.000 max = 1.000
thetageo grid: n =   18
thetabzr grid: n =   10
Boozer data read and initialized.

Reading MHD input.
Active QID is 1583532744

MHD (stationary) input
Grid: nrho =    6 rhomin = 0.000 rhomax = 1.000

Modes:
(n,m) = ( 1, 3) Amplitude = 0.1 Frequency =   1 Phase =   0
(n,m) = ( 2, 4) Amplitude =   2 Frequency = 1.5 Phase = 0.785
MHD data read and initialized.

Reading atomic reaction input.
Active QID is 2179808516

Found data for 1 atomic reactions:
Reaction number / Total number of reactions = 1 / 1
  Reactant species Z_1 / A_1, Z_2 / A_2     = 0 / 0, 0 / 0
  Min/Max energy                            = 1.00e+03 / 1.00e+04
  Min/Max density                           = 1.00e+18 / 1.00e+20
  Min/Max temperature                       = 1.00e+03 / 1.00e+04
  Number of energy grid points              = 3
  Number of density grid points             = 4
  Number of temperature grid points         = 5
Atomic reaction data read and initialized.

Reading marker input.
Active QID is 3105565386

Loaded 200000 particles.
Marker data read and initialized.

All input read and initialized.
Simulation begins; 1 threads.
Initialized MPI, rank 1, size 16.

Reading and initializing input.

Input file is /pscratch/sd/m/mpatel26/ascot_h5s/convergence_studies/G1600-free-reopt_I_10cm-wall_200k-mrk_mixed-bfield_p01cellarea_FO-mode_alpha-power_03302026.h5.

Reading options input.
Active QID is 4048444338
Options read and initialized.

Reading magnetic field input.
Active QID is 0188369675

Stellarator magnetic field (B_STS)
Psi-grid: nR =  200 Rmin = 5.338 m Rmax = 9.922 m
      nz =  200 zmin = -3.518 m zmax = 3.518 m
nphi =   50 phimin = -8.780 deg phimax = 98.780 deg
B-grid: nR =  200 Rmin = 5.338 m Rmax = 9.922 m
      nz =  200 zmin = -3.518 m zmax = 3.518 m
nphi =   50 phimin = -8.780 deg phimax = 98.780 deg
Psi at magnetic axis (phi=0) (9.065 m, 0.000 m)
0.002 (evaluated)
0.000 (given)
Magnetic field on axis:
B_R = -0.000 B_phi = 6.001 B_z = -0.894
Stellarator with 2 periods.
Stellarator symmetry enabled: assuming the grid is a half-period.
Magnetic field read and initialized.

Reading electric field input.
Active QID is 3843638170

Trivial Cartesian electric field (E_TC)
E_x = 0.000000e+00, E_y = 0.000000e+00, E_z = 0.000000e+00
Electric field read and initialized.

Reading plasma input.
Active QID is 0427021286

1D plasma profiles (P_1D)
Min rho = 0.00e+00, Max rho = 2.00e+00, Number of rho grid points = 2047, Number of ion species = 2
Species Z/A  charge [e]/mass [amu] Density [m^-3] at Min/Max rho    Temperature [eV] at Min/Max rho
   1  /  2     1  /  2.014             1.38e+20/5.00e+14                1.12e+04/1.00e+00       
   1  /  3     1  /  3.016             1.38e+20/5.00e+14                1.12e+04/1.00e+00       
[electrons]   -1  /  0.001             2.76e+20/1.00e+15                1.12e+04/1.00e+00       
Toroidal rotation [rad/s] at Min/Max rho: 0.00e+00/0.00e+00
Quasi-neutrality is (electron / ion charge density) 1.00
Toroidal rotation [rad/s] at Min/Max rho: 0.00e+00/0.00e+00
Plasma data read and initialized.

Reading neutral input.
Active QID is 0810944435

1D neutral density and temperature (N0_1D)
Grid:  nrho =    3   rhomin = 0.000   rhomax = 2.000
 Number of neutral species = 1
Species Z/A   (Maxwellian)
        1/  1 (1)    
Neutral data read and initialized.

Reading wall input.
Active QID is 1070589894

3D wall model (wall_3D)
Number of wall elements 32832
Spanning xmin = -9.998 m, xmax = 9.997 m
         ymin = -9.271 m, ymax = 9.270 m
         zmin = -3.591 m, zmax = 3.592 m
Wall data read and initialized.

Reading boozer input.
Active QID is 2972678231

Boozer input
psi grid: n =    6 min = 0.000 max = 1.000
thetageo grid: n =   18
thetabzr grid: n =   10
Boozer data read and initialized.

Reading MHD input.
Active QID is 1583532744

MHD (stationary) input
Grid: nrho =    6 rhomin = 0.000 rhomax = 1.000

Modes:
(n,m) = ( 1, 3) Amplitude = 0.1 Frequency =   1 Phase =   0
(n,m) = ( 2, 4) Amplitude =   2 Frequency = 1.5 Phase = 0.785
MHD data read and initialized.

Reading atomic reaction input.
Active QID is 2179808516

Found data for 1 atomic reactions:
Reaction number / Total number of reactions = 1 / 1
  Reactant species Z_1 / A_1, Z_2 / A_2     = 0 / 0, 0 / 0
  Min/Max energy                            = 1.00e+03 / 1.00e+04
  Min/Max density                           = 1.00e+18 / 1.00e+20
  Min/Max temperature                       = 1.00e+03 / 1.00e+04
  Number of energy grid points              = 3
  Number of density grid points             = 4
  Number of temperature grid points         = 5
Atomic reaction data read and initialized.

Reading marker input.
Active QID is 3105565386

Loaded 200000 particles.
Marker data read and initialized.

All input read and initialized.
Simulation begins; 1 threads.
Initialized MPI, rank 12, size 16.

Reading and initializing input.

Input file is /pscratch/sd/m/mpatel26/ascot_h5s/convergence_studies/G1600-free-reopt_I_10cm-wall_200k-mrk_mixed-bfield_p01cellarea_FO-mode_alpha-power_03302026.h5.

Reading options input.
Active QID is 4048444338
Options read and initialized.

Reading magnetic field input.
Active QID is 0188369675

Stellarator magnetic field (B_STS)
Psi-grid: nR =  200 Rmin = 5.338 m Rmax = 9.922 m
      nz =  200 zmin = -3.518 m zmax = 3.518 m
nphi =   50 phimin = -8.780 deg phimax = 98.780 deg
B-grid: nR =  200 Rmin = 5.338 m Rmax = 9.922 m
      nz =  200 zmin = -3.518 m zmax = 3.518 m
nphi =   50 phimin = -8.780 deg phimax = 98.780 deg
Psi at magnetic axis (phi=0) (9.065 m, 0.000 m)
0.002 (evaluated)
0.000 (given)
Magnetic field on axis:
B_R = -0.000 B_phi = 6.001 B_z = -0.894
Stellarator with 2 periods.
Stellarator symmetry enabled: assuming the grid is a half-period.
Magnetic field read and initialized.

Reading electric field input.
Active QID is 3843638170

Trivial Cartesian electric field (E_TC)
E_x = 0.000000e+00, E_y = 0.000000e+00, E_z = 0.000000e+00
Electric field read and initialized.

Reading plasma input.
Active QID is 0427021286

1D plasma profiles (P_1D)
Min rho = 0.00e+00, Max rho = 2.00e+00, Number of rho grid points = 2047, Number of ion species = 2
Species Z/A  charge [e]/mass [amu] Density [m^-3] at Min/Max rho    Temperature [eV] at Min/Max rho
   1  /  2     1  /  2.014             1.38e+20/5.00e+14                1.12e+04/1.00e+00       
   1  /  3     1  /  3.016             1.38e+20/5.00e+14                1.12e+04/1.00e+00       
[electrons]   -1  /  0.001             2.76e+20/1.00e+15                1.12e+04/1.00e+00       
Toroidal rotation [rad/s] at Min/Max rho: 0.00e+00/0.00e+00
Quasi-neutrality is (electron / ion charge density) 1.00
Toroidal rotation [rad/s] at Min/Max rho: 0.00e+00/0.00e+00
Plasma data read and initialized.

Reading neutral input.
Active QID is 0810944435

1D neutral density and temperature (N0_1D)
Grid:  nrho =    3   rhomin = 0.000   rhomax = 2.000
 Number of neutral species = 1
Species Z/A   (Maxwellian)
        1/  1 (1)    
Neutral data read and initialized.

Reading wall input.
Active QID is 1070589894

3D wall model (wall_3D)
Number of wall elements 32832
Spanning xmin = -9.998 m, xmax = 9.997 m
         ymin = -9.271 m, ymax = 9.270 m
         zmin = -3.591 m, zmax = 3.592 m
Wall data read and initialized.

Reading boozer input.
Active QID is 2972678231

Boozer input
psi grid: n =    6 min = 0.000 max = 1.000
thetageo grid: n =   18
thetabzr grid: n =   10
Boozer data read and initialized.

Reading MHD input.
Active QID is 1583532744

MHD (stationary) input
Grid: nrho =    6 rhomin = 0.000 rhomax = 1.000

Modes:
(n,m) = ( 1, 3) Amplitude = 0.1 Frequency =   1 Phase =   0
(n,m) = ( 2, 4) Amplitude =   2 Frequency = 1.5 Phase = 0.785
MHD data read and initialized.

Reading atomic reaction input.
Active QID is 2179808516

Initialized MPI, rank 9, size 16.

Reading and initializing input.

Input file is /pscratch/sd/m/mpatel26/ascot_h5s/convergence_studies/G1600-free-reopt_I_10cm-wall_200k-mrk_mixed-bfield_p01cellarea_FO-mode_alpha-power_03302026.h5.

Reading options input.
Active QID is 4048444338
Options read and initialized.

Reading magnetic field input.
Active QID is 0188369675

Stellarator magnetic field (B_STS)
Psi-grid: nR =  200 Rmin = 5.338 m Rmax = 9.922 m
      nz =  200 zmin = -3.518 m zmax = 3.518 m
nphi =   50 phimin = -8.780 deg phimax = 98.780 deg
B-grid: nR =  200 Rmin = 5.338 m Rmax = 9.922 m
      nz =  200 zmin = -3.518 m zmax = 3.518 m
nphi =   50 phimin = -8.780 deg phimax = 98.780 deg
Psi at magnetic axis (phi=0) (9.065 m, 0.000 m)
0.002 (evaluated)
0.000 (given)
Magnetic field on axis:
B_R = -0.000 B_phi = 6.001 B_z = -0.894
Stellarator with 2 periods.
Stellarator symmetry enabled: assuming the grid is a half-period.
Magnetic field read and initialized.

Reading electric field input.
Found data for 1 atomic reactions:
Reaction number / Total number of reactions = 1 / 1
  Reactant species Z_1 / A_1, Z_2 / A_2     = 0 / 0, 0 / 0
  Min/Max energy                            = 1.00e+03 / 1.00e+04
  Min/Max density                           = 1.00e+18 / 1.00e+20
  Min/Max temperature                       = 1.00e+03 / 1.00e+04
  Number of energy grid points              = 3
  Number of density grid points             = 4
  Number of temperature grid points         = 5
Atomic reaction data read and initialized.

Reading marker input.
Active QID is 3105565386

Loaded 200000 particles.
Marker data read and initialized.

All input read and initialized.
Simulation begins; 1 threads.
Active QID is 3843638170

Trivial Cartesian electric field (E_TC)
E_x = 0.000000e+00, E_y = 0.000000e+00, E_z = 0.000000e+00
Electric field read and initialized.

Reading plasma input.
Active QID is 0427021286

1D plasma profiles (P_1D)
Min rho = 0.00e+00, Max rho = 2.00e+00, Number of rho grid points = 2047, Number of ion species = 2
Species Z/A  charge [e]/mass [amu] Density [m^-3] at Min/Max rho    Temperature [eV] at Min/Max rho
   1  /  2     1  /  2.014             1.38e+20/5.00e+14                1.12e+04/1.00e+00       
   1  /  3     1  /  3.016             1.38e+20/5.00e+14                1.12e+04/1.00e+00       
[electrons]   -1  /  0.001             2.76e+20/1.00e+15                1.12e+04/1.00e+00       
Toroidal rotation [rad/s] at Min/Max rho: 0.00e+00/0.00e+00
Quasi-neutrality is (electron / ion charge density) 1.00
Toroidal rotation [rad/s] at Min/Max rho: 0.00e+00/0.00e+00
Plasma data read and initialized.

Reading neutral input.
Active QID is 0810944435

Initialized MPI, rank 15, size 16.

Reading and initializing input.

Input file is /pscratch/sd/m/mpatel26/ascot_h5s/convergence_studies/G1600-free-reopt_I_10cm-wall_200k-mrk_mixed-bfield_p01cellarea_FO-mode_alpha-power_03302026.h5.

Reading options input.
Active QID is 4048444338
Options read and initialized.

Reading magnetic field input.
Active QID is 0188369675

Stellarator magnetic field (B_STS)
Psi-grid: nR =  200 Rmin = 5.338 m Rmax = 9.922 m
      nz =  200 zmin = -3.518 m zmax = 3.518 m
nphi =   50 phimin = -8.780 deg phimax = 98.780 deg
B-grid: nR =  200 Rmin = 5.338 m Rmax = 9.922 m
      nz =  200 zmin = -3.518 m zmax = 3.518 m
nphi =   50 phimin = -8.780 deg phimax = 98.780 deg
Psi at magnetic axis (phi=0) (9.065 m, 0.000 m)
0.002 (evaluated)
0.000 (given)
Magnetic field on axis:
B_R = -0.000 B_phi = 6.001 B_z = -0.894
Stellarator with 2 periods.
Stellarator symmetry enabled: assuming the grid is a half-period.
Magnetic field read and initialized.

Reading electric field input.
Initialized MPI, rank 6, size 16.

Reading and initializing input.

Input file is /pscratch/sd/m/mpatel26/ascot_h5s/convergence_studies/G1600-free-reopt_I_10cm-wall_200k-mrk_mixed-bfield_p01cellarea_FO-mode_alpha-power_03302026.h5.

Reading options input.
Active QID is 4048444338
Options read and initialized.

Reading magnetic field input.
Active QID is 0188369675

Stellarator magnetic field (B_STS)
Psi-grid: nR =  200 Rmin = 5.338 m Rmax = 9.922 m
      nz =  200 zmin = -3.518 m zmax = 3.518 m
nphi =   50 phimin = -8.780 deg phimax = 98.780 deg
B-grid: nR =  200 Rmin = 5.338 m Rmax = 9.922 m
      nz =  200 zmin = -3.518 m zmax = 3.518 m
nphi =   50 phimin = -8.780 deg phimax = 98.780 deg
Psi at magnetic axis (phi=0) (9.065 m, 0.000 m)
0.002 (evaluated)
0.000 (given)
Magnetic field on axis:
B_R = -0.000 B_phi = 6.001 B_z = -0.894
Stellarator with 2 periods.
Stellarator symmetry enabled: assuming the grid is a half-period.
Magnetic field read and initialized.

Reading electric field input.
1D neutral density and temperature (N0_1D)
Grid:  nrho =    3   rhomin = 0.000   rhomax = 2.000
 Number of neutral species = 1
Species Z/A   (Maxwellian)
        1/  1 (1)    
Neutral data read and initialized.

Reading wall input.
Active QID is 1070589894

3D wall model (wall_3D)
Number of wall elements 32832
Spanning xmin = -9.998 m, xmax = 9.997 m
         ymin = -9.271 m, ymax = 9.270 m
         zmin = -3.591 m, zmax = 3.592 m
Wall data read and initialized.

Reading boozer input.
Active QID is 2972678231

Boozer input
psi grid: n =    6 min = 0.000 max = 1.000
thetageo grid: n =   18
thetabzr grid: n =   10
Boozer data read and initialized.

Reading MHD input.
Active QID is 1583532744

MHD (stationary) input
Grid: nrho =    6 rhomin = 0.000 rhomax = 1.000

Modes:
(n,m) = ( 1, 3) Amplitude = 0.1 Frequency =   1 Phase =   0
(n,m) = ( 2, 4) Amplitude =   2 Frequency = 1.5 Phase = 0.785
MHD data read and initialized.

Reading atomic reaction input.
Active QID is 2179808516

Active QID is 3843638170

Trivial Cartesian electric field (E_TC)
E_x = 0.000000e+00, E_y = 0.000000e+00, E_z = 0.000000e+00
Electric field read and initialized.

Reading plasma input.
Active QID is 0427021286

1D plasma profiles (P_1D)
Min rho = 0.00e+00, Max rho = 2.00e+00, Number of rho grid points = 2047, Number of ion species = 2
Species Z/A  charge [e]/mass [amu] Density [m^-3] at Min/Max rho    Temperature [eV] at Min/Max rho
   1  /  2     1  /  2.014             1.38e+20/5.00e+14                1.12e+04/1.00e+00       
   1  /  3     1  /  3.016             1.38e+20/5.00e+14                1.12e+04/1.00e+00       
[electrons]   -1  /  0.001             2.76e+20/1.00e+15                1.12e+04/1.00e+00       
Toroidal rotation [rad/s] at Min/Max rho: 0.00e+00/0.00e+00
Quasi-neutrality is (electron / ion charge density) 1.00
Toroidal rotation [rad/s] at Min/Max rho: 0.00e+00/0.00e+00
Plasma data read and initialized.

Reading neutral input.
Active QID is 0810944435

Active QID is 3843638170

Trivial Cartesian electric field (E_TC)
E_x = 0.000000e+00, E_y = 0.000000e+00, E_z = 0.000000e+00
Electric field read and initialized.

Reading plasma input.
Active QID is 0427021286

1D plasma profiles (P_1D)
Min rho = 0.00e+00, Max rho = 2.00e+00, Number of rho grid points = 2047, Number of ion species = 2
Species Z/A  charge [e]/mass [amu] Density [m^-3] at Min/Max rho    Temperature [eV] at Min/Max rho
   1  /  2     1  /  2.014             1.38e+20/5.00e+14                1.12e+04/1.00e+00       
   1  /  3     1  /  3.016             1.38e+20/5.00e+14                1.12e+04/1.00e+00       
[electrons]   -1  /  0.001             2.76e+20/1.00e+15                1.12e+04/1.00e+00       
Toroidal rotation [rad/s] at Min/Max rho: 0.00e+00/0.00e+00
Quasi-neutrality is (electron / ion charge density) 1.00
Toroidal rotation [rad/s] at Min/Max rho: 0.00e+00/0.00e+00
Plasma data read and initialized.

Reading neutral input.
Active QID is 0810944435

Found data for 1 atomic reactions:
Reaction number / Total number of reactions = 1 / 1
  Reactant species Z_1 / A_1, Z_2 / A_2     = 0 / 0, 0 / 0
  Min/Max energy                            = 1.00e+03 / 1.00e+04
  Min/Max density                           = 1.00e+18 / 1.00e+20
  Min/Max temperature                       = 1.00e+03 / 1.00e+04
  Number of energy grid points              = 3
  Number of density grid points             = 4
  Number of temperature grid points         = 5
Atomic reaction data read and initialized.

Reading marker input.
Active QID is 3105565386

Loaded 200000 particles.
Marker data read and initialized.

All input read and initialized.
Simulation begins; 1 threads.
1D neutral density and temperature (N0_1D)
Grid:  nrho =    3   rhomin = 0.000   rhomax = 2.000
 Number of neutral species = 1
Species Z/A   (Maxwellian)
        1/  1 (1)    
Neutral data read and initialized.

Reading wall input.
Active QID is 1070589894

3D wall model (wall_3D)
Number of wall elements 32832
Spanning xmin = -9.998 m, xmax = 9.997 m
         ymin = -9.271 m, ymax = 9.270 m
         zmin = -3.591 m, zmax = 3.592 m
Wall data read and initialized.

Reading boozer input.
Active QID is 2972678231

Boozer input
psi grid: n =    6 min = 0.000 max = 1.000
thetageo grid: n =   18
thetabzr grid: n =   10
Boozer data read and initialized.

Reading MHD input.
Active QID is 1583532744

MHD (stationary) input
Grid: nrho =    6 rhomin = 0.000 rhomax = 1.000

Modes:
(n,m) = ( 1, 3) Amplitude = 0.1 Frequency =   1 Phase =   0
(n,m) = ( 2, 4) Amplitude =   2 Frequency = 1.5 Phase = 0.785
MHD data read and initialized.

Reading atomic reaction input.
Active QID is 2179808516

1D neutral density and temperature (N0_1D)
Grid:  nrho =    3   rhomin = 0.000   rhomax = 2.000
 Number of neutral species = 1
Species Z/A   (Maxwellian)
        1/  1 (1)    
Neutral data read and initialized.

Reading wall input.
Active QID is 1070589894

3D wall model (wall_3D)
Number of wall elements 32832
Spanning xmin = -9.998 m, xmax = 9.997 m
         ymin = -9.271 m, ymax = 9.270 m
         zmin = -3.591 m, zmax = 3.592 m
Wall data read and initialized.

Reading boozer input.
Active QID is 2972678231

Boozer input
psi grid: n =    6 min = 0.000 max = 1.000
thetageo grid: n =   18
thetabzr grid: n =   10
Boozer data read and initialized.

Reading MHD input.
Active QID is 1583532744

MHD (stationary) input
Grid: nrho =    6 rhomin = 0.000 rhomax = 1.000

Modes:
(n,m) = ( 1, 3) Amplitude = 0.1 Frequency =   1 Phase =   0
(n,m) = ( 2, 4) Amplitude =   2 Frequency = 1.5 Phase = 0.785
MHD data read and initialized.

Reading atomic reaction input.
Active QID is 2179808516

Initialized MPI, rank 10, size 16.

Reading and initializing input.

Input file is /pscratch/sd/m/mpatel26/ascot_h5s/convergence_studies/G1600-free-reopt_I_10cm-wall_200k-mrk_mixed-bfield_p01cellarea_FO-mode_alpha-power_03302026.h5.

Reading options input.
Active QID is 4048444338
Options read and initialized.

Reading magnetic field input.
Active QID is 0188369675

Stellarator magnetic field (B_STS)
Psi-grid: nR =  200 Rmin = 5.338 m Rmax = 9.922 m
      nz =  200 zmin = -3.518 m zmax = 3.518 m
nphi =   50 phimin = -8.780 deg phimax = 98.780 deg
B-grid: nR =  200 Rmin = 5.338 m Rmax = 9.922 m
      nz =  200 zmin = -3.518 m zmax = 3.518 m
nphi =   50 phimin = -8.780 deg phimax = 98.780 deg
Psi at magnetic axis (phi=0) (9.065 m, 0.000 m)
0.002 (evaluated)
0.000 (given)
Magnetic field on axis:
B_R = -0.000 B_phi = 6.001 B_z = -0.894
Stellarator with 2 periods.
Stellarator symmetry enabled: assuming the grid is a half-period.
Magnetic field read and initialized.

Reading electric field input.
Found data for 1 atomic reactions:
Reaction number / Total number of reactions = 1 / 1
  Reactant species Z_1 / A_1, Z_2 / A_2     = 0 / 0, 0 / 0
  Min/Max energy                            = 1.00e+03 / 1.00e+04
  Min/Max density                           = 1.00e+18 / 1.00e+20
  Min/Max temperature                       = 1.00e+03 / 1.00e+04
  Number of energy grid points              = 3
  Number of density grid points             = 4
  Number of temperature grid points         = 5
Atomic reaction data read and initialized.

Reading marker input.
Active QID is 3105565386

Loaded 200000 particles.
Marker data read and initialized.

All input read and initialized.
Simulation begins; 1 threads.
Found data for 1 atomic reactions:
Reaction number / Total number of reactions = 1 / 1
  Reactant species Z_1 / A_1, Z_2 / A_2     = 0 / 0, 0 / 0
  Min/Max energy                            = 1.00e+03 / 1.00e+04
  Min/Max density                           = 1.00e+18 / 1.00e+20
  Min/Max temperature                       = 1.00e+03 / 1.00e+04
  Number of energy grid points              = 3
  Number of density grid points             = 4
  Number of temperature grid points         = 5
Atomic reaction data read and initialized.

Reading marker input.
Active QID is 3105565386

Loaded 200000 particles.
Marker data read and initialized.

All input read and initialized.
Simulation begins; 1 threads.
Active QID is 3843638170

Trivial Cartesian electric field (E_TC)
E_x = 0.000000e+00, E_y = 0.000000e+00, E_z = 0.000000e+00
Electric field read and initialized.

Reading plasma input.
Active QID is 0427021286

1D plasma profiles (P_1D)
Min rho = 0.00e+00, Max rho = 2.00e+00, Number of rho grid points = 2047, Number of ion species = 2
Species Z/A  charge [e]/mass [amu] Density [m^-3] at Min/Max rho    Temperature [eV] at Min/Max rho
   1  /  2     1  /  2.014             1.38e+20/5.00e+14                1.12e+04/1.00e+00       
   1  /  3     1  /  3.016             1.38e+20/5.00e+14                1.12e+04/1.00e+00       
[electrons]   -1  /  0.001             2.76e+20/1.00e+15                1.12e+04/1.00e+00       
Toroidal rotation [rad/s] at Min/Max rho: 0.00e+00/0.00e+00
Quasi-neutrality is (electron / ion charge density) 1.00
Toroidal rotation [rad/s] at Min/Max rho: 0.00e+00/0.00e+00
Plasma data read and initialized.

Reading neutral input.
Active QID is 0810944435

Initialized MPI, rank 13, size 16.

Reading and initializing input.

Input file is /pscratch/sd/m/mpatel26/ascot_h5s/convergence_studies/G1600-free-reopt_I_10cm-wall_200k-mrk_mixed-bfield_p01cellarea_FO-mode_alpha-power_03302026.h5.

Reading options input.
Active QID is 4048444338
Options read and initialized.

Reading magnetic field input.
Active QID is 0188369675

Stellarator magnetic field (B_STS)
Psi-grid: nR =  200 Rmin = 5.338 m Rmax = 9.922 m
      nz =  200 zmin = -3.518 m zmax = 3.518 m
nphi =   50 phimin = -8.780 deg phimax = 98.780 deg
B-grid: nR =  200 Rmin = 5.338 m Rmax = 9.922 m
      nz =  200 zmin = -3.518 m zmax = 3.518 m
nphi =   50 phimin = -8.780 deg phimax = 98.780 deg
Psi at magnetic axis (phi=0) (9.065 m, 0.000 m)
0.002 (evaluated)
0.000 (given)
Magnetic field on axis:
B_R = -0.000 B_phi = 6.001 B_z = -0.894
Stellarator with 2 periods.
Stellarator symmetry enabled: assuming the grid is a half-period.
Magnetic field read and initialized.

Reading electric field input.
Initialized MPI, rank 5, size 16.

Reading and initializing input.

Input file is /pscratch/sd/m/mpatel26/ascot_h5s/convergence_studies/G1600-free-reopt_I_10cm-wall_200k-mrk_mixed-bfield_p01cellarea_FO-mode_alpha-power_03302026.h5.

Reading options input.
Active QID is 4048444338
Options read and initialized.

Reading magnetic field input.
Active QID is 0188369675

Stellarator magnetic field (B_STS)
Psi-grid: nR =  200 Rmin = 5.338 m Rmax = 9.922 m
      nz =  200 zmin = -3.518 m zmax = 3.518 m
nphi =   50 phimin = -8.780 deg phimax = 98.780 deg
B-grid: nR =  200 Rmin = 5.338 m Rmax = 9.922 m
      nz =  200 zmin = -3.518 m zmax = 3.518 m
nphi =   50 phimin = -8.780 deg phimax = 98.780 deg
Psi at magnetic axis (phi=0) (9.065 m, 0.000 m)
0.002 (evaluated)
0.000 (given)
Magnetic field on axis:
B_R = -0.000 B_phi = 6.001 B_z = -0.894
Stellarator with 2 periods.
Stellarator symmetry enabled: assuming the grid is a half-period.
Magnetic field read and initialized.

Reading electric field input.
1D neutral density and temperature (N0_1D)
Grid:  nrho =    3   rhomin = 0.000   rhomax = 2.000
 Number of neutral species = 1
Species Z/A   (Maxwellian)
        1/  1 (1)    
Neutral data read and initialized.

Reading wall input.
Active QID is 1070589894

3D wall model (wall_3D)
Number of wall elements 32832
Spanning xmin = -9.998 m, xmax = 9.997 m
         ymin = -9.271 m, ymax = 9.270 m
         zmin = -3.591 m, zmax = 3.592 m
Wall data read and initialized.

Reading boozer input.
Active QID is 2972678231

Boozer input
psi grid: n =    6 min = 0.000 max = 1.000
thetageo grid: n =   18
thetabzr grid: n =   10
Boozer data read and initialized.

Reading MHD input.
Active QID is 1583532744

MHD (stationary) input
Grid: nrho =    6 rhomin = 0.000 rhomax = 1.000

Modes:
(n,m) = ( 1, 3) Amplitude = 0.1 Frequency =   1 Phase =   0
(n,m) = ( 2, 4) Amplitude =   2 Frequency = 1.5 Phase = 0.785
MHD data read and initialized.

Reading atomic reaction input.
Active QID is 2179808516

Active QID is 3843638170

Trivial Cartesian electric field (E_TC)
E_x = 0.000000e+00, E_y = 0.000000e+00, E_z = 0.000000e+00
Electric field read and initialized.

Reading plasma input.
Active QID is 0427021286

1D plasma profiles (P_1D)
Min rho = 0.00e+00, Max rho = 2.00e+00, Number of rho grid points = 2047, Number of ion species = 2
Species Z/A  charge [e]/mass [amu] Density [m^-3] at Min/Max rho    Temperature [eV] at Min/Max rho
   1  /  2     1  /  2.014             1.38e+20/5.00e+14                1.12e+04/1.00e+00       
   1  /  3     1  /  3.016             1.38e+20/5.00e+14                1.12e+04/1.00e+00       
[electrons]   -1  /  0.001             2.76e+20/1.00e+15                1.12e+04/1.00e+00       
Toroidal rotation [rad/s] at Min/Max rho: 0.00e+00/0.00e+00
Quasi-neutrality is (electron / ion charge density) 1.00
Toroidal rotation [rad/s] at Min/Max rho: 0.00e+00/0.00e+00
Plasma data read and initialized.

Reading neutral input.
Active QID is 0810944435

Active QID is 3843638170

Trivial Cartesian electric field (E_TC)
E_x = 0.000000e+00, E_y = 0.000000e+00, E_z = 0.000000e+00
Electric field read and initialized.

Reading plasma input.
Active QID is 0427021286

1D plasma profiles (P_1D)
Min rho = 0.00e+00, Max rho = 2.00e+00, Number of rho grid points = 2047, Number of ion species = 2
Species Z/A  charge [e]/mass [amu] Density [m^-3] at Min/Max rho    Temperature [eV] at Min/Max rho
   1  /  2     1  /  2.014             1.38e+20/5.00e+14                1.12e+04/1.00e+00       
   1  /  3     1  /  3.016             1.38e+20/5.00e+14                1.12e+04/1.00e+00       
[electrons]   -1  /  0.001             2.76e+20/1.00e+15                1.12e+04/1.00e+00       
Toroidal rotation [rad/s] at Min/Max rho: 0.00e+00/0.00e+00
Quasi-neutrality is (electron / ion charge density) 1.00
Toroidal rotation [rad/s] at Min/Max rho: 0.00e+00/0.00e+00
Plasma data read and initialized.

Reading neutral input.
Active QID is 0810944435

Found data for 1 atomic reactions:
Reaction number / Total number of reactions = 1 / 1
  Reactant species Z_1 / A_1, Z_2 / A_2     = 0 / 0, 0 / 0
  Min/Max energy                            = 1.00e+03 / 1.00e+04
  Min/Max density                           = 1.00e+18 / 1.00e+20
  Min/Max temperature                       = 1.00e+03 / 1.00e+04
  Number of energy grid points              = 3
  Number of density grid points             = 4
  Number of temperature grid points         = 5
Atomic reaction data read and initialized.

Reading marker input.
Active QID is 3105565386

Loaded 200000 particles.
Marker data read and initialized.

All input read and initialized.
Simulation begins; 1 threads.
1D neutral density and temperature (N0_1D)
Grid:  nrho =    3   rhomin = 0.000   rhomax = 2.000
 Number of neutral species = 1
Species Z/A   (Maxwellian)
        1/  1 (1)    
Neutral data read and initialized.

Reading wall input.
Active QID is 1070589894

3D wall model (wall_3D)
Number of wall elements 32832
Spanning xmin = -9.998 m, xmax = 9.997 m
         ymin = -9.271 m, ymax = 9.270 m
         zmin = -3.591 m, zmax = 3.592 m
Wall data read and initialized.

Reading boozer input.
Active QID is 2972678231

Boozer input
psi grid: n =    6 min = 0.000 max = 1.000
thetageo grid: n =   18
thetabzr grid: n =   10
Boozer data read and initialized.

Reading MHD input.
Active QID is 1583532744

MHD (stationary) input
Grid: nrho =    6 rhomin = 0.000 rhomax = 1.000

Modes:
(n,m) = ( 1, 3) Amplitude = 0.1 Frequency =   1 Phase =   0
(n,m) = ( 2, 4) Amplitude =   2 Frequency = 1.5 Phase = 0.785
MHD data read and initialized.

Reading atomic reaction input.
Active QID is 2179808516

1D neutral density and temperature (N0_1D)
Grid:  nrho =    3   rhomin = 0.000   rhomax = 2.000
 Number of neutral species = 1
Species Z/A   (Maxwellian)
        1/  1 (1)    
Neutral data read and initialized.

Reading wall input.
Active QID is 1070589894

3D wall model (wall_3D)
Number of wall elements 32832
Spanning xmin = -9.998 m, xmax = 9.997 m
         ymin = -9.271 m, ymax = 9.270 m
         zmin = -3.591 m, zmax = 3.592 m
Wall data read and initialized.

Reading boozer input.
Active QID is 2972678231

Boozer input
psi grid: n =    6 min = 0.000 max = 1.000
thetageo grid: n =   18
thetabzr grid: n =   10
Boozer data read and initialized.

Reading MHD input.
Active QID is 1583532744

MHD (stationary) input
Grid: nrho =    6 rhomin = 0.000 rhomax = 1.000

Modes:
(n,m) = ( 1, 3) Amplitude = 0.1 Frequency =   1 Phase =   0
(n,m) = ( 2, 4) Amplitude =   2 Frequency = 1.5 Phase = 0.785
MHD data read and initialized.

Reading atomic reaction input.
Active QID is 2179808516

Initialized MPI, rank 8, size 16.

Reading and initializing input.

Input file is /pscratch/sd/m/mpatel26/ascot_h5s/convergence_studies/G1600-free-reopt_I_10cm-wall_200k-mrk_mixed-bfield_p01cellarea_FO-mode_alpha-power_03302026.h5.

Reading options input.
Active QID is 4048444338
Options read and initialized.

Reading magnetic field input.
Active QID is 0188369675

Stellarator magnetic field (B_STS)
Psi-grid: nR =  200 Rmin = 5.338 m Rmax = 9.922 m
      nz =  200 zmin = -3.518 m zmax = 3.518 m
nphi =   50 phimin = -8.780 deg phimax = 98.780 deg
B-grid: nR =  200 Rmin = 5.338 m Rmax = 9.922 m
      nz =  200 zmin = -3.518 m zmax = 3.518 m
nphi =   50 phimin = -8.780 deg phimax = 98.780 deg
Psi at magnetic axis (phi=0) (9.065 m, 0.000 m)
0.002 (evaluated)
0.000 (given)
Magnetic field on axis:
B_R = -0.000 B_phi = 6.001 B_z = -0.894
Stellarator with 2 periods.
Stellarator symmetry enabled: assuming the grid is a half-period.
Magnetic field read and initialized.

Reading electric field input.
Found data for 1 atomic reactions:
Reaction number / Total number of reactions = 1 / 1
  Reactant species Z_1 / A_1, Z_2 / A_2     = 0 / 0, 0 / 0
  Min/Max energy                            = 1.00e+03 / 1.00e+04
  Min/Max density                           = 1.00e+18 / 1.00e+20
  Min/Max temperature                       = 1.00e+03 / 1.00e+04
  Number of energy grid points              = 3
  Number of density grid points             = 4
  Number of temperature grid points         = 5
Atomic reaction data read and initialized.

Reading marker input.
Active QID is 3105565386

Loaded 200000 particles.
Marker data read and initialized.

All input read and initialized.
Simulation begins; 1 threads.
Found data for 1 atomic reactions:
Reaction number / Total number of reactions = 1 / 1
  Reactant species Z_1 / A_1, Z_2 / A_2     = 0 / 0, 0 / 0
  Min/Max energy                            = 1.00e+03 / 1.00e+04
  Min/Max density                           = 1.00e+18 / 1.00e+20
  Min/Max temperature                       = 1.00e+03 / 1.00e+04
  Number of energy grid points              = 3
  Number of density grid points             = 4
  Number of temperature grid points         = 5
Atomic reaction data read and initialized.

Reading marker input.
Active QID is 3105565386

Loaded 200000 particles.
Marker data read and initialized.

All input read and initialized.
Simulation begins; 1 threads.
Active QID is 3843638170

Trivial Cartesian electric field (E_TC)
E_x = 0.000000e+00, E_y = 0.000000e+00, E_z = 0.000000e+00
Electric field read and initialized.

Reading plasma input.
Active QID is 0427021286

1D plasma profiles (P_1D)
Min rho = 0.00e+00, Max rho = 2.00e+00, Number of rho grid points = 2047, Number of ion species = 2
Species Z/A  charge [e]/mass [amu] Density [m^-3] at Min/Max rho    Temperature [eV] at Min/Max rho
   1  /  2     1  /  2.014             1.38e+20/5.00e+14                1.12e+04/1.00e+00       
   1  /  3     1  /  3.016             1.38e+20/5.00e+14                1.12e+04/1.00e+00       
[electrons]   -1  /  0.001             2.76e+20/1.00e+15                1.12e+04/1.00e+00       
Toroidal rotation [rad/s] at Min/Max rho: 0.00e+00/0.00e+00
Quasi-neutrality is (electron / ion charge density) 1.00
Toroidal rotation [rad/s] at Min/Max rho: 0.00e+00/0.00e+00
Plasma data read and initialized.

Reading neutral input.
Active QID is 0810944435

Initialized MPI, rank 14, size 16.

Reading and initializing input.

Input file is /pscratch/sd/m/mpatel26/ascot_h5s/convergence_studies/G1600-free-reopt_I_10cm-wall_200k-mrk_mixed-bfield_p01cellarea_FO-mode_alpha-power_03302026.h5.

Reading options input.
Active QID is 4048444338
Options read and initialized.

Reading magnetic field input.
Active QID is 0188369675

Stellarator magnetic field (B_STS)
Psi-grid: nR =  200 Rmin = 5.338 m Rmax = 9.922 m
      nz =  200 zmin = -3.518 m zmax = 3.518 m
nphi =   50 phimin = -8.780 deg phimax = 98.780 deg
B-grid: nR =  200 Rmin = 5.338 m Rmax = 9.922 m
      nz =  200 zmin = -3.518 m zmax = 3.518 m
nphi =   50 phimin = -8.780 deg phimax = 98.780 deg
Psi at magnetic axis (phi=0) (9.065 m, 0.000 m)
0.002 (evaluated)
0.000 (given)
Magnetic field on axis:
B_R = -0.000 B_phi = 6.001 B_z = -0.894
Stellarator with 2 periods.
Stellarator symmetry enabled: assuming the grid is a half-period.
Magnetic field read and initialized.

Reading electric field input.
Initialized MPI, rank 7, size 16.

Reading and initializing input.

Input file is /pscratch/sd/m/mpatel26/ascot_h5s/convergence_studies/G1600-free-reopt_I_10cm-wall_200k-mrk_mixed-bfield_p01cellarea_FO-mode_alpha-power_03302026.h5.

Reading options input.
Active QID is 4048444338
Options read and initialized.

Reading magnetic field input.
Active QID is 0188369675

Stellarator magnetic field (B_STS)
Psi-grid: nR =  200 Rmin = 5.338 m Rmax = 9.922 m
      nz =  200 zmin = -3.518 m zmax = 3.518 m
nphi =   50 phimin = -8.780 deg phimax = 98.780 deg
B-grid: nR =  200 Rmin = 5.338 m Rmax = 9.922 m
      nz =  200 zmin = -3.518 m zmax = 3.518 m
nphi =   50 phimin = -8.780 deg phimax = 98.780 deg
Psi at magnetic axis (phi=0) (9.065 m, 0.000 m)
0.002 (evaluated)
0.000 (given)
Magnetic field on axis:
B_R = -0.000 B_phi = 6.001 B_z = -0.894
Stellarator with 2 periods.
Stellarator symmetry enabled: assuming the grid is a half-period.
Magnetic field read and initialized.

Reading electric field input.
1D neutral density and temperature (N0_1D)
Grid:  nrho =    3   rhomin = 0.000   rhomax = 2.000
 Number of neutral species = 1
Species Z/A   (Maxwellian)
        1/  1 (1)    
Neutral data read and initialized.

Reading wall input.
Active QID is 1070589894

3D wall model (wall_3D)
Number of wall elements 32832
Spanning xmin = -9.998 m, xmax = 9.997 m
         ymin = -9.271 m, ymax = 9.270 m
         zmin = -3.591 m, zmax = 3.592 m
Wall data read and initialized.

Reading boozer input.
Active QID is 2972678231

Boozer input
psi grid: n =    6 min = 0.000 max = 1.000
thetageo grid: n =   18
thetabzr grid: n =   10
Boozer data read and initialized.

Reading MHD input.
Active QID is 1583532744

MHD (stationary) input
Grid: nrho =    6 rhomin = 0.000 rhomax = 1.000

Modes:
(n,m) = ( 1, 3) Amplitude = 0.1 Frequency =   1 Phase =   0
(n,m) = ( 2, 4) Amplitude =   2 Frequency = 1.5 Phase = 0.785
MHD data read and initialized.

Reading atomic reaction input.
Active QID is 2179808516

Active QID is 3843638170

Trivial Cartesian electric field (E_TC)
E_x = 0.000000e+00, E_y = 0.000000e+00, E_z = 0.000000e+00
Electric field read and initialized.

Reading plasma input.
Active QID is 0427021286

1D plasma profiles (P_1D)
Min rho = 0.00e+00, Max rho = 2.00e+00, Number of rho grid points = 2047, Number of ion species = 2
Species Z/A  charge [e]/mass [amu] Density [m^-3] at Min/Max rho    Temperature [eV] at Min/Max rho
   1  /  2     1  /  2.014             1.38e+20/5.00e+14                1.12e+04/1.00e+00       
   1  /  3     1  /  3.016             1.38e+20/5.00e+14                1.12e+04/1.00e+00       
[electrons]   -1  /  0.001             2.76e+20/1.00e+15                1.12e+04/1.00e+00       
Toroidal rotation [rad/s] at Min/Max rho: 0.00e+00/0.00e+00
Quasi-neutrality is (electron / ion charge density) 1.00
Toroidal rotation [rad/s] at Min/Max rho: 0.00e+00/0.00e+00
Plasma data read and initialized.

Reading neutral input.
Active QID is 0810944435

Active QID is 3843638170

Trivial Cartesian electric field (E_TC)
E_x = 0.000000e+00, E_y = 0.000000e+00, E_z = 0.000000e+00
Electric field read and initialized.

Reading plasma input.
Active QID is 0427021286

1D plasma profiles (P_1D)
Min rho = 0.00e+00, Max rho = 2.00e+00, Number of rho grid points = 2047, Number of ion species = 2
Species Z/A  charge [e]/mass [amu] Density [m^-3] at Min/Max rho    Temperature [eV] at Min/Max rho
   1  /  2     1  /  2.014             1.38e+20/5.00e+14                1.12e+04/1.00e+00       
   1  /  3     1  /  3.016             1.38e+20/5.00e+14                1.12e+04/1.00e+00       
[electrons]   -1  /  0.001             2.76e+20/1.00e+15                1.12e+04/1.00e+00       
Toroidal rotation [rad/s] at Min/Max rho: 0.00e+00/0.00e+00
Quasi-neutrality is (electron / ion charge density) 1.00
Toroidal rotation [rad/s] at Min/Max rho: 0.00e+00/0.00e+00
Plasma data read and initialized.

Reading neutral input.
Active QID is 0810944435

Found data for 1 atomic reactions:
Reaction number / Total number of reactions = 1 / 1
  Reactant species Z_1 / A_1, Z_2 / A_2     = 0 / 0, 0 / 0
  Min/Max energy                            = 1.00e+03 / 1.00e+04
  Min/Max density                           = 1.00e+18 / 1.00e+20
  Min/Max temperature                       = 1.00e+03 / 1.00e+04
  Number of energy grid points              = 3
  Number of density grid points             = 4
  Number of temperature grid points         = 5
Atomic reaction data read and initialized.

Reading marker input.
Active QID is 3105565386

Loaded 200000 particles.
Marker data read and initialized.

All input read and initialized.
Simulation begins; 1 threads.
1D neutral density and temperature (N0_1D)
Grid:  nrho =    3   rhomin = 0.000   rhomax = 2.000
 Number of neutral species = 1
Species Z/A   (Maxwellian)
        1/  1 (1)    
Neutral data read and initialized.

Reading wall input.
Active QID is 1070589894

3D wall model (wall_3D)
Number of wall elements 32832
Spanning xmin = -9.998 m, xmax = 9.997 m
         ymin = -9.271 m, ymax = 9.270 m
         zmin = -3.591 m, zmax = 3.592 m
Wall data read and initialized.

Reading boozer input.
Active QID is 2972678231

Boozer input
psi grid: n =    6 min = 0.000 max = 1.000
thetageo grid: n =   18
thetabzr grid: n =   10
Boozer data read and initialized.

Reading MHD input.
Active QID is 1583532744

MHD (stationary) input
Grid: nrho =    6 rhomin = 0.000 rhomax = 1.000

Modes:
(n,m) = ( 1, 3) Amplitude = 0.1 Frequency =   1 Phase =   0
(n,m) = ( 2, 4) Amplitude =   2 Frequency = 1.5 Phase = 0.785
MHD data read and initialized.

Reading atomic reaction input.
Active QID is 2179808516

1D neutral density and temperature (N0_1D)
Grid:  nrho =    3   rhomin = 0.000   rhomax = 2.000
 Number of neutral species = 1
Species Z/A   (Maxwellian)
        1/  1 (1)    
Neutral data read and initialized.

Reading wall input.
Active QID is 1070589894

3D wall model (wall_3D)
Number of wall elements 32832
Spanning xmin = -9.998 m, xmax = 9.997 m
         ymin = -9.271 m, ymax = 9.270 m
         zmin = -3.591 m, zmax = 3.592 m
Wall data read and initialized.

Reading boozer input.
Active QID is 2972678231

Boozer input
psi grid: n =    6 min = 0.000 max = 1.000
thetageo grid: n =   18
thetabzr grid: n =   10
Boozer data read and initialized.

Reading MHD input.
Active QID is 1583532744

MHD (stationary) input
Grid: nrho =    6 rhomin = 0.000 rhomax = 1.000

Modes:
(n,m) = ( 1, 3) Amplitude = 0.1 Frequency =   1 Phase =   0
(n,m) = ( 2, 4) Amplitude =   2 Frequency = 1.5 Phase = 0.785
MHD data read and initialized.

Reading atomic reaction input.
Active QID is 2179808516

Initialized MPI, rank 11, size 16.

Reading and initializing input.

Input file is /pscratch/sd/m/mpatel26/ascot_h5s/convergence_studies/G1600-free-reopt_I_10cm-wall_200k-mrk_mixed-bfield_p01cellarea_FO-mode_alpha-power_03302026.h5.

Reading options input.
Active QID is 4048444338
Options read and initialized.

Reading magnetic field input.
Active QID is 0188369675

Stellarator magnetic field (B_STS)
Psi-grid: nR =  200 Rmin = 5.338 m Rmax = 9.922 m
      nz =  200 zmin = -3.518 m zmax = 3.518 m
nphi =   50 phimin = -8.780 deg phimax = 98.780 deg
B-grid: nR =  200 Rmin = 5.338 m Rmax = 9.922 m
      nz =  200 zmin = -3.518 m zmax = 3.518 m
nphi =   50 phimin = -8.780 deg phimax = 98.780 deg
Psi at magnetic axis (phi=0) (9.065 m, 0.000 m)
0.002 (evaluated)
0.000 (given)
Magnetic field on axis:
B_R = -0.000 B_phi = 6.001 B_z = -0.894
Stellarator with 2 periods.
Stellarator symmetry enabled: assuming the grid is a half-period.
Magnetic field read and initialized.

Reading electric field input.
Found data for 1 atomic reactions:
Reaction number / Total number of reactions = 1 / 1
  Reactant species Z_1 / A_1, Z_2 / A_2     = 0 / 0, 0 / 0
  Min/Max energy                            = 1.00e+03 / 1.00e+04
  Min/Max density                           = 1.00e+18 / 1.00e+20
  Min/Max temperature                       = 1.00e+03 / 1.00e+04
  Number of energy grid points              = 3
  Number of density grid points             = 4
  Number of temperature grid points         = 5
Atomic reaction data read and initialized.

Reading marker input.
Active QID is 3105565386

Loaded 200000 particles.
Marker data read and initialized.

All input read and initialized.
Simulation begins; 1 threads.
Found data for 1 atomic reactions:
Reaction number / Total number of reactions = 1 / 1
  Reactant species Z_1 / A_1, Z_2 / A_2     = 0 / 0, 0 / 0
  Min/Max energy                            = 1.00e+03 / 1.00e+04
  Min/Max density                           = 1.00e+18 / 1.00e+20
  Min/Max temperature                       = 1.00e+03 / 1.00e+04
  Number of energy grid points              = 3
  Number of density grid points             = 4
  Number of temperature grid points         = 5
Atomic reaction data read and initialized.

Reading marker input.
Active QID is 3105565386

Loaded 200000 particles.
Marker data read and initialized.

All input read and initialized.
Simulation begins; 1 threads.
Active QID is 3843638170

Trivial Cartesian electric field (E_TC)
E_x = 0.000000e+00, E_y = 0.000000e+00, E_z = 0.000000e+00
Electric field read and initialized.

Reading plasma input.
Active QID is 0427021286

1D plasma profiles (P_1D)
Min rho = 0.00e+00, Max rho = 2.00e+00, Number of rho grid points = 2047, Number of ion species = 2
Species Z/A  charge [e]/mass [amu] Density [m^-3] at Min/Max rho    Temperature [eV] at Min/Max rho
   1  /  2     1  /  2.014             1.38e+20/5.00e+14                1.12e+04/1.00e+00       
   1  /  3     1  /  3.016             1.38e+20/5.00e+14                1.12e+04/1.00e+00       
[electrons]   -1  /  0.001             2.76e+20/1.00e+15                1.12e+04/1.00e+00       
Toroidal rotation [rad/s] at Min/Max rho: 0.00e+00/0.00e+00
Quasi-neutrality is (electron / ion charge density) 1.00
Toroidal rotation [rad/s] at Min/Max rho: 0.00e+00/0.00e+00
Plasma data read and initialized.

Reading neutral input.
Active QID is 0810944435

Initialized MPI, rank 4, size 16.

Reading and initializing input.

Input file is /pscratch/sd/m/mpatel26/ascot_h5s/convergence_studies/G1600-free-reopt_I_10cm-wall_200k-mrk_mixed-bfield_p01cellarea_FO-mode_alpha-power_03302026.h5.

Reading options input.
Active QID is 4048444338
Options read and initialized.

Reading magnetic field input.
Active QID is 0188369675

Stellarator magnetic field (B_STS)
Psi-grid: nR =  200 Rmin = 5.338 m Rmax = 9.922 m
      nz =  200 zmin = -3.518 m zmax = 3.518 m
nphi =   50 phimin = -8.780 deg phimax = 98.780 deg
B-grid: nR =  200 Rmin = 5.338 m Rmax = 9.922 m
      nz =  200 zmin = -3.518 m zmax = 3.518 m
nphi =   50 phimin = -8.780 deg phimax = 98.780 deg
Psi at magnetic axis (phi=0) (9.065 m, 0.000 m)
0.002 (evaluated)
0.000 (given)
Magnetic field on axis:
B_R = -0.000 B_phi = 6.001 B_z = -0.894
Stellarator with 2 periods.
Stellarator symmetry enabled: assuming the grid is a half-period.
Magnetic field read and initialized.

Reading electric field input.
1D neutral density and temperature (N0_1D)
Grid:  nrho =    3   rhomin = 0.000   rhomax = 2.000
 Number of neutral species = 1
Species Z/A   (Maxwellian)
        1/  1 (1)    
Neutral data read and initialized.

Reading wall input.
Active QID is 1070589894

3D wall model (wall_3D)
Number of wall elements 32832
Spanning xmin = -9.998 m, xmax = 9.997 m
         ymin = -9.271 m, ymax = 9.270 m
         zmin = -3.591 m, zmax = 3.592 m
Wall data read and initialized.

Reading boozer input.
Active QID is 2972678231

Boozer input
psi grid: n =    6 min = 0.000 max = 1.000
thetageo grid: n =   18
thetabzr grid: n =   10
Boozer data read and initialized.

Reading MHD input.
Active QID is 1583532744

MHD (stationary) input
Grid: nrho =    6 rhomin = 0.000 rhomax = 1.000

Modes:
(n,m) = ( 1, 3) Amplitude = 0.1 Frequency =   1 Phase =   0
(n,m) = ( 2, 4) Amplitude =   2 Frequency = 1.5 Phase = 0.785
MHD data read and initialized.

Reading atomic reaction input.
Active QID is 2179808516

Active QID is 3843638170

Trivial Cartesian electric field (E_TC)
E_x = 0.000000e+00, E_y = 0.000000e+00, E_z = 0.000000e+00
Electric field read and initialized.

Reading plasma input.
Active QID is 0427021286

1D plasma profiles (P_1D)
Min rho = 0.00e+00, Max rho = 2.00e+00, Number of rho grid points = 2047, Number of ion species = 2
Species Z/A  charge [e]/mass [amu] Density [m^-3] at Min/Max rho    Temperature [eV] at Min/Max rho
   1  /  2     1  /  2.014             1.38e+20/5.00e+14                1.12e+04/1.00e+00       
   1  /  3     1  /  3.016             1.38e+20/5.00e+14                1.12e+04/1.00e+00       
[electrons]   -1  /  0.001             2.76e+20/1.00e+15                1.12e+04/1.00e+00       
Toroidal rotation [rad/s] at Min/Max rho: 0.00e+00/0.00e+00
Quasi-neutrality is (electron / ion charge density) 1.00
Toroidal rotation [rad/s] at Min/Max rho: 0.00e+00/0.00e+00
Plasma data read and initialized.

Reading neutral input.
Active QID is 0810944435

Found data for 1 atomic reactions:
Reaction number / Total number of reactions = 1 / 1
  Reactant species Z_1 / A_1, Z_2 / A_2     = 0 / 0, 0 / 0
  Min/Max energy                            = 1.00e+03 / 1.00e+04
  Min/Max density                           = 1.00e+18 / 1.00e+20
  Min/Max temperature                       = 1.00e+03 / 1.00e+04
  Number of energy grid points              = 3
  Number of density grid points             = 4
  Number of temperature grid points         = 5
Atomic reaction data read and initialized.

Reading marker input.
Active QID is 3105565386

Loaded 200000 particles.
Marker data read and initialized.

All input read and initialized.
Simulation begins; 1 threads.
1D neutral density and temperature (N0_1D)
Grid:  nrho =    3   rhomin = 0.000   rhomax = 2.000
 Number of neutral species = 1
Species Z/A   (Maxwellian)
        1/  1 (1)    
Neutral data read and initialized.

Reading wall input.
Active QID is 1070589894

3D wall model (wall_3D)
Number of wall elements 32832
Spanning xmin = -9.998 m, xmax = 9.997 m
         ymin = -9.271 m, ymax = 9.270 m
         zmin = -3.591 m, zmax = 3.592 m
Wall data read and initialized.

Reading boozer input.
Active QID is 2972678231

Boozer input
psi grid: n =    6 min = 0.000 max = 1.000
thetageo grid: n =   18
thetabzr grid: n =   10
Boozer data read and initialized.

Reading MHD input.
Active QID is 1583532744

MHD (stationary) input
Grid: nrho =    6 rhomin = 0.000 rhomax = 1.000

Modes:
(n,m) = ( 1, 3) Amplitude = 0.1 Frequency =   1 Phase =   0
(n,m) = ( 2, 4) Amplitude =   2 Frequency = 1.5 Phase = 0.785
MHD data read and initialized.

Reading atomic reaction input.
Active QID is 2179808516

Found data for 1 atomic reactions:
Reaction number / Total number of reactions = 1 / 1
  Reactant species Z_1 / A_1, Z_2 / A_2     = 0 / 0, 0 / 0
  Min/Max energy                            = 1.00e+03 / 1.00e+04
  Min/Max density                           = 1.00e+18 / 1.00e+20
  Min/Max temperature                       = 1.00e+03 / 1.00e+04
  Number of energy grid points              = 3
  Number of density grid points             = 4
  Number of temperature grid points         = 5
Atomic reaction data read and initialized.

Reading marker input.
Active QID is 3105565386

Loaded 200000 particles.
Marker data read and initialized.

All input read and initialized.
Simulation begins; 1 threads.
ASCOT5_MAIN
Tag 5.6.2-79-g9c291f5
Branch conformal-walls

Initialized MPI, rank 0, size 16.

Reading and initializing input.

Input file is /pscratch/sd/m/mpatel26/ascot_h5s/convergence_studies/G1600-free-reopt_I_10cm-wall_200k-mrk_mixed-bfield_p01cellarea_FO-mode_alpha-power_03302026.h5.

Reading options input.
Active QID is 4048444338
Options read and initialized.

Reading magnetic field input.
Active QID is 0188369675

Stellarator magnetic field (B_STS)
Psi-grid: nR =  200 Rmin = 5.338 m Rmax = 9.922 m
      nz =  200 zmin = -3.518 m zmax = 3.518 m
nphi =   50 phimin = -8.780 deg phimax = 98.780 deg
B-grid: nR =  200 Rmin = 5.338 m Rmax = 9.922 m
      nz =  200 zmin = -3.518 m zmax = 3.518 m
nphi =   50 phimin = -8.780 deg phimax = 98.780 deg
Psi at magnetic axis (phi=0) (9.065 m, 0.000 m)
0.002 (evaluated)
0.000 (given)
Magnetic field on axis:
B_R = -0.000 B_phi = 6.001 B_z = -0.894
Stellarator with 2 periods.
Stellarator symmetry enabled: assuming the grid is a half-period.
Magnetic field read and initialized.

Reading electric field input.
Active QID is 3843638170

Trivial Cartesian electric field (E_TC)
E_x = 0.000000e+00, E_y = 0.000000e+00, E_z = 0.000000e+00
Electric field read and initialized.

Reading plasma input.
Active QID is 0427021286

1D plasma profiles (P_1D)
Min rho = 0.00e+00, Max rho = 2.00e+00, Number of rho grid points = 2047, Number of ion species = 2
Species Z/A  charge [e]/mass [amu] Density [m^-3] at Min/Max rho    Temperature [eV] at Min/Max rho
   1  /  2     1  /  2.014             1.38e+20/5.00e+14                1.12e+04/1.00e+00       
   1  /  3     1  /  3.016             1.38e+20/5.00e+14                1.12e+04/1.00e+00       
[electrons]   -1  /  0.001             2.76e+20/1.00e+15                1.12e+04/1.00e+00       
Toroidal rotation [rad/s] at Min/Max rho: 0.00e+00/0.00e+00
Quasi-neutrality is (electron / ion charge density) 1.00
Toroidal rotation [rad/s] at Min/Max rho: 0.00e+00/0.00e+00
Plasma data read and initialized.

Reading neutral input.
Active QID is 0810944435

1D neutral density and temperature (N0_1D)
Grid:  nrho =    3   rhomin = 0.000   rhomax = 2.000
 Number of neutral species = 1
Species Z/A   (Maxwellian)
        1/  1 (1)    
Neutral data read and initialized.

Reading wall input.
Active QID is 1070589894

3D wall model (wall_3D)
Number of wall elements 32832
Spanning xmin = -9.998 m, xmax = 9.997 m
         ymin = -9.271 m, ymax = 9.270 m
         zmin = -3.591 m, zmax = 3.592 m
Wall data read and initialized.

Reading boozer input.
Active QID is 2972678231

Boozer input
psi grid: n =    6 min = 0.000 max = 1.000
thetageo grid: n =   18
thetabzr grid: n =   10
Boozer data read and initialized.

Reading MHD input.
Active QID is 1583532744

MHD (stationary) input
Grid: nrho =    6 rhomin = 0.000 rhomax = 1.000

Modes:
(n,m) = ( 1, 3) Amplitude = 0.1 Frequency =   1 Phase =   0
(n,m) = ( 2, 4) Amplitude =   2 Frequency = 1.5 Phase = 0.785
MHD data read and initialized.

Reading atomic reaction input.
Active QID is 2179808516

Found data for 1 atomic reactions:
Reaction number / Total number of reactions = 1 / 1
  Reactant species Z_1 / A_1, Z_2 / A_2     = 0 / 0, 0 / 0
  Min/Max energy                            = 1.00e+03 / 1.00e+04
  Min/Max density                           = 1.00e+18 / 1.00e+20
  Min/Max temperature                       = 1.00e+03 / 1.00e+04
  Number of energy grid points              = 3
  Number of density grid points             = 4
  Number of temperature grid points         = 5
Atomic reaction data read and initialized.

Reading marker input.
Active QID is 3105565386

Loaded 200000 particles.
Marker data read and initialized.

All input read and initialized.

Initializing marker states.
Estimated memory usage 0.1 MB.
Marker states initialized.

Preparing output.
Note: Output file /pscratch/sd/m/mpatel26/ascot_h5s/convergence_studies/G1600-free-reopt_I_10cm-wall_200k-mrk_mixed-bfield_p01cellarea_FO-mode_alpha-power_03302026.h5 is already present.

The qid of this run is 0981374323

Inistate written.
Simulation begins; 1 threads.
